******************************************************************************
                  MSP430 Linker PC v4.0.0                      
******************************************************************************
>> Linked Thu Feb 02 11:01:53 2012

OUTPUT FILE NAME:   <FSM Demo.out>
ENTRY POINT SYMBOL: "_c_int00"  address: 000060d2


MEMORY CONFIGURATION

         name            origin    length      used     unused   attr    fill
----------------------  --------  ---------  --------  --------  ----  --------
  SFR                   00000000   00000010  00000000  00000010  RWIX
  PERIPHERALS_8BIT      00000010   000000f0  00000000  000000f0  RWIX
  PERIPHERALS_16BIT     00000100   00000100  00000000  00000100  RWIX
  INFOD                 00001800   00000080  00000000  00000080  RWIX
  INFOC                 00001880   00000080  00000000  00000080  RWIX
  INFOB                 00001900   00000080  00000079  00000007  RWIX
  INFOA                 00001980   00000080  00000000  00000080  RWIX
  RAM                   00001c00   00004000  000012be  00002d42  RWIX
  FLASH                 00005c00   0000a380  000054f2  00004e8e  RWIX
  INT00                 0000ff80   00000002  00000000  00000002  RWIX
  INT01                 0000ff82   00000002  00000000  00000002  RWIX
  INT02                 0000ff84   00000002  00000000  00000002  RWIX
  INT03                 0000ff86   00000002  00000000  00000002  RWIX
  INT04                 0000ff88   00000002  00000000  00000002  RWIX
  INT05                 0000ff8a   00000002  00000000  00000002  RWIX
  INT06                 0000ff8c   00000002  00000000  00000002  RWIX
  INT07                 0000ff8e   00000002  00000000  00000002  RWIX
  INT08                 0000ff90   00000002  00000000  00000002  RWIX
  INT09                 0000ff92   00000002  00000000  00000002  RWIX
  INT10                 0000ff94   00000002  00000000  00000002  RWIX
  INT11                 0000ff96   00000002  00000000  00000002  RWIX
  INT12                 0000ff98   00000002  00000000  00000002  RWIX
  INT13                 0000ff9a   00000002  00000000  00000002  RWIX
  INT14                 0000ff9c   00000002  00000000  00000002  RWIX
  INT15                 0000ff9e   00000002  00000000  00000002  RWIX
  INT16                 0000ffa0   00000002  00000000  00000002  RWIX
  INT17                 0000ffa2   00000002  00000000  00000002  RWIX
  INT18                 0000ffa4   00000002  00000000  00000002  RWIX
  INT19                 0000ffa6   00000002  00000000  00000002  RWIX
  INT20                 0000ffa8   00000002  00000000  00000002  RWIX
  INT21                 0000ffaa   00000002  00000000  00000002  RWIX
  INT22                 0000ffac   00000002  00000000  00000002  RWIX
  INT23                 0000ffae   00000002  00000000  00000002  RWIX
  INT24                 0000ffb0   00000002  00000000  00000002  RWIX
  INT25                 0000ffb2   00000002  00000000  00000002  RWIX
  INT26                 0000ffb4   00000002  00000000  00000002  RWIX
  INT27                 0000ffb6   00000002  00000000  00000002  RWIX
  INT28                 0000ffb8   00000002  00000000  00000002  RWIX
  INT29                 0000ffba   00000002  00000000  00000002  RWIX
  INT30                 0000ffbc   00000002  00000000  00000002  RWIX
  INT31                 0000ffbe   00000002  00000000  00000002  RWIX
  INT32                 0000ffc0   00000002  00000000  00000002  RWIX
  INT33                 0000ffc2   00000002  00000000  00000002  RWIX
  INT34                 0000ffc4   00000002  00000000  00000002  RWIX
  INT35                 0000ffc6   00000002  00000000  00000002  RWIX
  INT36                 0000ffc8   00000002  00000000  00000002  RWIX
  INT37                 0000ffca   00000002  00000000  00000002  RWIX
  INT38                 0000ffcc   00000002  00000000  00000002  RWIX
  INT39                 0000ffce   00000002  00000000  00000002  RWIX
  INT40                 0000ffd0   00000002  00000000  00000002  RWIX
  INT41                 0000ffd2   00000002  00000002  00000000  RWIX
  INT42                 0000ffd4   00000002  00000002  00000000  RWIX
  INT43                 0000ffd6   00000002  00000000  00000002  RWIX
  INT44                 0000ffd8   00000002  00000000  00000002  RWIX
  INT45                 0000ffda   00000002  00000000  00000002  RWIX
  INT46                 0000ffdc   00000002  00000002  00000000  RWIX
  INT47                 0000ffde   00000002  00000000  00000002  RWIX
  INT48                 0000ffe0   00000002  00000000  00000002  RWIX
  INT49                 0000ffe2   00000002  00000002  00000000  RWIX
  INT50                 0000ffe4   00000002  00000002  00000000  RWIX
  INT51                 0000ffe6   00000002  00000000  00000002  RWIX
  INT52                 0000ffe8   00000002  00000000  00000002  RWIX
  INT53                 0000ffea   00000002  00000000  00000002  RWIX
  INT54                 0000ffec   00000002  00000000  00000002  RWIX
  INT55                 0000ffee   00000002  00000002  00000000  RWIX
  INT56                 0000fff0   00000002  00000000  00000002  RWIX
  INT57                 0000fff2   00000002  00000000  00000002  RWIX
  INT58                 0000fff4   00000002  00000002  00000000  RWIX
  INT59                 0000fff6   00000002  00000002  00000000  RWIX
  INT60                 0000fff8   00000002  00000000  00000002  RWIX
  INT61                 0000fffa   00000002  00000000  00000002  RWIX
  INT62                 0000fffc   00000002  00000000  00000002  RWIX
  RESET                 0000fffe   00000002  00000002  00000000  RWIX
  FLASH2                00010000   00035c00  00000000  00035c00  RWIX


SECTION ALLOCATION MAP

 output                                  attributes/
section   page    origin      length       input sections
--------  ----  ----------  ----------   ----------------
.pinit     0    00005c00    00000000     UNINITIALIZED

.infoB     0    00001900    00000079     UNINITIALIZED
                  00001900    00000079     UserExperience.obj (.infoB)

.bss       0    00001c00    0000121e     UNINITIALIZED
                  00001c00    00000f20     hal_lcd.obj (.bss)
                  00002b20    000001b9     UserExperience.obj (.bss)
                  00002cd9    00000001     fsm.obj (.bss)
                  00002cda    00000101     hal_usb.obj (.bss)
                  00002ddb    00000001     --HOLE--
                  00002ddc    00000021     hal_adc.obj (.bss)
                  00002dfd    00000001     --HOLE--
                  00002dfe    0000000a     fsm_transition.obj (.bss)
                  00002e08    00000008     rts430x.lib : _lock.obj (.bss)
                  00002e10    00000008                 : boot.obj (.bss)
                  00002e18    00000004                 : rand.obj (.bss)
                  00002e1c    00000002     hal_rf.obj (.bss)

.stack     0    00005b60    000000a0     UNINITIALIZED
                  00005b60    00000002     rts430x.lib : boot.obj (.stack)
                  00005b62    0000009e     --HOLE--

.cinit     0    00005c00    00000328     
                  00005c00    00000211     UserExperience.obj (.cinit)
                  00005e11    00000001     --HOLE-- [fill = 0]
                  00005e12    000000a5     hal_lcd.obj (.cinit)
                  00005eb7    00000001     --HOLE-- [fill = 0]
                  00005eb8    0000005f     hal_adc.obj (.cinit)
                  00005f17    00000001     --HOLE-- [fill = 0]
                  00005f18    00000008     rts430x.lib : rand.obj (.cinit)
                  00005f20    00000005     hal_usb.obj (.cinit)
                  00005f25    00000001     --HOLE-- [fill = 0]
                  00005f26    00000002     (.pad.cinit) [fill = 0]

.text:_isr 
*          0    00005f28    0000021a     
                  00005f28    0000009a     Puzzle.obj (.text:_isr:Timer_A1_CCR0_ISR)
                  00005fc2    00000064     UserExperience.obj (.text:_isr:RTC_ISR)
                  00006026    0000004a     UserExperience.obj (.text:_isr:TIMERB1_ISR)
                  00006070    00000038     UserExperience.obj (.text:_isr:Port2_ISR)
                  000060a8    0000002a     hal_adc.obj (.text:_isr:ADC12_ISR)
                  000060d2    0000002a     rts430x.lib : boot.obj (.text:_isr:_c_int00_noexit)
                  000060fc    00000020     hal_usb.obj (.text:_isr:USCI_A1_ISR)
                  0000611c    0000001a     UserExperience.obj (.text:_isr:WDT_ISR)
                  00006136    0000000c     UserExperience.obj (.text:_isr:DMA_ISR)

.text      0    00006160    0000357a     
                  00006160    0000054e     UserExperience.obj (.text:setTemperatureConversion)
                  000066ae    00000274     UserExperience.obj (.text:menuPMMMCLK)
                  00006922    00000202     UserExperience.obj (.text:balanceBall)
                  00006b24    000001da     UserExperience.obj (.text:configureAccelerometer)
                  00006cfe    0000018a     hal_adc.obj (.text:halAdcReadTempVcc)
                  00006e88    0000017c     UserExperience.obj (.text:setBackLight)
                  00007004    00000170     UserExperience.obj (.text:UserExperience)
                  00007174    00000168     UserExperience.obj (.text:setContrast)
                  000072dc    00000162     UserExperience.obj (.text:setTime)
                  0000743e    0000015e     UserExperience.obj (.text:activeMenuMode)
                  0000759c    00000148     UserExperience.obj (.text:audioRecord)
                  000076e4    0000001c     fsm_transition.obj (.text:FSM_PushDown)
                  00007700    00000136     RTCASMFunctions_CCE.obj (.text)
                  00007836    0000011c     hal_lcd.obj (.text:halLcdCircle)
                  00007952    00000110     UserExperience.obj (.text:analogClockUpdate)
                  00007a62    000000f6     UserExperience.obj (.text:usbTest)
                  00007b58    000000f4     hal_lcd.obj (.text:halLcdPrint)
                  00007c4c    000000f0     UserExperience.obj (.text:analogClockInit)
                  00007d3c    000000e6     hal_lcd.obj (.text:halLcdLine)
                  00007e22    000000d8     UserExperience.obj (.text:loadSettings)
                  00007efa    000000d8     UserExperience.obj (.text:lowPowerMode3)
                  00007fd2    000000c8     UserExperience.obj (.text:audioPlayBack)
                  0000809a    000000c6     UserExperience.obj (.text:analogClockDrawHand)
                  00008160    000000b8     fsm_transition.obj (.text:FSM_StartGame)
                  00008218    000000b4     hal_lcd.obj (.text:halLcdPixel)
                  000082cc    0000009e     UserExperience.obj (.text:audio)
                  0000836a    0000009a     hal_adc.obj (.text:halAdcConvertTempVccFromADC)
                  00008404    0000008c     UserExperience.obj (.text:setupRecord)
                  00008490    0000008a     hal_lcd.obj (.text:halLcdInit)
                  0000851a    00000080     UserExperience.obj (.text:shutdownRecord)
                  0000859a    0000007a     hal_board.obj (.text:halBoardSetVCoreUp)
                  00008614    00000070     hal_board.obj (.text:halBoardGetSystemClockSettings)
                  00008684    00000070     UserExperience.obj (.text:menuUpdate)
                  000086f4    0000006e     hal_board.obj (.text:halBoardInit)
                  00008762    0000006c     hal_lcd.obj (.text:halLcdDrawCurrentBlock)
                  000087ce    0000006c     UserExperience.obj (.text:saveSettings)
                  0000883a    00000064     hal_usb.obj (.text:halUsbInit)
                  0000889e    0000005e     hal_board.obj (.text:halBoardSetSystemClock)
                  000088fc    0000005e     hal_lcd.obj (.text:halLcdCursor)
                  0000895a    0000005e     UserExperience.obj (.text:updateDigitalClock)
                  000089b8    00000058     rts430x.lib : div32u.obj (.text)
                  00008a10    00000056     UserExperience.obj (.text:displayAnalogClock)
                  00008a66    00000056     UserExperience.obj (.text:record)
                  00008abc    00000054     fsm_transition.obj (.text:UpdateField)
                  00008b10    00000054     hal_adc.obj (.text:halAccelerometerInit)
                  00008b64    00000052     hal_lcd.obj (.text:halLcdImage)
                  00008bb6    0000004c     UserExperience.obj (.text:setupRTC)
                  00008c02    00000046     Puzzle.obj (.text:StartPuzzle)
                  00008c48    00000046     rts430x.lib : autoinit.obj (.text:_auto_init)
                  00008c8e    00000046     flashUtils.obj (.text:flashErase)
                  00008cd4    00000046     hal_lcd.obj (.text:halLcdSetBackLight)
                  00008d1a    00000046     UserExperience.obj (.text:secondAdd)
                  00008d60    00000042     hal_lcd.obj (.text:halLcdClearImage)
                  00008da2    00000042     hal_lcd.obj (.text:halLcdSendCommand)
                  00008de4    00000040     rts430x.lib : div32s.obj (.text)
                  00008e24    0000003e     UserExperience.obj (.text:hourAdd)
                  00008e62    0000003a     fsm.obj (.text:FSM_Button)
                  00008e9c    0000003a     fsm.obj (.text:FSM_Down)
                  00008ed6    0000003a     fsm.obj (.text:FSM_Left)
                  00008f10    0000003a     fsm.obj (.text:FSM_Right)
                  00008f4a    0000003a     fsm.obj (.text:FSM_Up)
                  00008f84    0000003a     fsm.obj (.text:FSM_Win)
                  00008fbe    0000003a     UserExperience.obj (.text:minuteAdd)
                  00008ff8    0000003a     UserExperience.obj (.text:secondSub)
                  00009032    00000038     hal_adc.obj (.text:halAccelerometerRead)
                  0000906a    00000038     hal_adc.obj (.text:halAdcStartRead)
                  000090a2    00000038     rts430x.lib : rand.obj (.text:rand)
                  000090da    00000034     UserExperience.obj (.text:assert_board_version)
                  0000910e    00000034     hal_lcd.obj (.text:halLcdSetAddress)
                  00009142    00000032     flashUtils.obj (.text:flashEraseBank)
                  00009174    00000030     fsm_transition.obj (.text:FSM_InitGame)
                  000091a4    00000030     hal_adc.obj (.text:halAccelerometerCalibrate)
                  000091d4    00000030     hal_board.obj (.text:halBoardSetVCore)
                  00009204    00000030     hal_board.obj (.text:halBoardSetVCoreDown)
                  00009234    0000002e     hal_board.obj (.text:halBoardStartXT1)
                  00009262    0000002e     hal_lcd.obj (.text:halLcdBackLightInit)
                  00009290    0000002e     UserExperience.obj (.text:minuteSub)
                  000092be    0000002c     flashUtils.obj (.text:flashEraseSegment)
                  000092ea    0000002c     hal_lcd.obj (.text:halLcdHLine)
                  00009316    0000002c     hal_lcd.obj (.text:halLcdVLine)
                  00009342    00000028     hal_adc.obj (.text:halAdcInitTempVcc)
                  0000936a    00000028     UserExperience.obj (.text:hourSub)
                  00009392    00000026     hal_lcd.obj (.text:halLcdPrintLineCol)
                  000093b8    00000024     hal_lcd.obj (.text:halLcdClearScreen)
                  000093dc    00000024     hal_lcd.obj (.text:halLcdPrintLine)
                  00009400    00000022     hal_adc.obj (.text:halAccelerometerShutDown)
                  00009422    00000022     hal_lcd.obj (.text:halLcdSetContrast)
                  00009444    00000022     hal_usb.obj (.text:halUsbShutDown)
                  00009466    00000022     rts430x.lib : mult32_f5hw.obj (.text)
                  00009488    00000020     hal_lcd.obj (.text:halLcdPrintXY)
                  000094a8    0000001e     hal_lcd.obj (.text:halLcdActive)
                  000094c6    0000001c     fsm_transition.obj (.text:FSM_PushLeft)
                  000094e2    0000001c     fsm_transition.obj (.text:FSM_PushRight)
                  000094fe    0000001c     fsm_transition.obj (.text:FSM_PushUp)
                  0000951a    00000018     fsm_transition.obj (.text:FSM_StopGame)
                  00009532    00000018     hal_lcd.obj (.text:halLcdStandby)
                  0000954a    00000016     rts430x.lib : mult16_f5hw.obj (.text)
                  00009560    00000016                 : rand.obj (.text:srand)
                  00009576    00000014     Puzzle.obj (.text:TimerA1Init)
                  0000958a    00000014     UserExperience.obj (.text:digitalClockDraw)
                  0000959e    00000014     hal_adc.obj (.text:halAccelerometerGetCalibratedOffset)
                  000095b2    00000014     hal_adc.obj (.text:halAccelerometerReadWithOffset)
                  000095c6    00000014     hal_board.obj (.text:halBoardStopOutputSystemClock)
                  000095da    00000012     hal_buttons.obj (.text:halButtonsInit)
                  000095ec    00000012     rts430x.lib : memcpy.obj (.text:memcpy)
                  000095fe    00000010     Puzzle.obj (.text:TimerA1Stop)
                  0000960e    00000010     UserExperience.obj (.text:startWDT)
                  0000961e    0000000e     hal_adc.obj (.text:halAccelerometerSetCalibratedOffset)
                  0000962c    0000000e     hal_board.obj (.text:halBoardOutputSystemClock)
                  0000963a    0000000e     hal_buttons.obj (.text:halButtonsInterruptEnable)
                  00009648    0000000e     hal_lcd.obj (.text:halLcdCursorOff)
                  00009656    0000000e     hal_lcd.obj (.text:halLcdDrawBlock)
                  00009664    0000000c     hal_adc.obj (.text:halAdcShutDownTempVcc)
                  00009670    0000000c     hal_usb.obj (.text:halUsbSendChar)
                  0000967c    0000000c     main.obj (.text:main)
                  00009688    0000000a     rts430x.lib : abs.obj (.text:abs)
                  00009692    0000000a     hal_adc.obj (.text:halAdcSetTempOffset)
                  0000969c    0000000a     rts430x.lib : lsl16.obj (.text)
                  000096a6    00000006     fsm.obj (.text:FSM_Init)
                  000096ac    00000006     hal_adc.obj (.text:halAdcGetTemp)
                  000096b2    00000006     hal_adc.obj (.text:halAdcSetQuitFromISR)
                  000096b8    00000006     hal_adc.obj (.text:halAdcSetTempConversionType)
                  000096be    00000006     hal_buttons.obj (.text:halButtonsInterruptDisable)
                  000096c4    00000006     hal_lcd.obj (.text:halLcdGetBackLight)
                  000096ca    00000006     hal_lcd.obj (.text:halLcdGetContrast)
                  000096d0    00000004     rts430x.lib : pre_init.obj (.text:_system_pre_init)
                  000096d4    00000004                 : exit.obj (.text:abort)
                  000096d8    00000002                 : _lock.obj (.text:_nop)

.const     0    000096da    00001a36     
                  000096da    00000b98     UserExperience.obj (.const:TI_BUG)
                  0000a272    00000854     hal_lcd.obj (.const:fonts)
                  0000aac6    0000019a     UserExperience.obj (.const:.string)
                  0000ac60    0000018c     fsm.obj (.const:StateTable)
                  0000adec    00000100     UserExperience.obj (.const:IMG_RIGHT_FILLED)
                  0000aeec    00000100     UserExperience.obj (.const:TI_TINY_BUG)
                  0000afec    00000089     hal_lcd.obj (.const:fonts_lookup)
                  0000b075    00000001     --HOLE-- [fill = 0]
                  0000b076    00000040     UserExperience.obj (.const:cos)
                  0000b0b6    00000022     hal_rf.obj (.const)
                  0000b0d8    0000001e     fsm_transition.obj (.const:.string)
                  0000b0f6    00000012     fsm_transition.obj (.const:GamePos)
                  0000b108    00000006     UserExperience.obj (.const:$P$T0$2)
                  0000b10e    00000002     fsm_transition.obj (.const:$P$T0$1)

.int41     0    0000ffd2    00000002     
                  0000ffd2    00000002     UserExperience.obj (.int41)

.int42     0    0000ffd4    00000002     
                  0000ffd4    00000002     UserExperience.obj (.int42)

.int46     0    0000ffdc    00000002     
                  0000ffdc    00000002     hal_usb.obj (.int46)

.int49     0    0000ffe2    00000002     
                  0000ffe2    00000002     Puzzle.obj (.int49)

.int50     0    0000ffe4    00000002     
                  0000ffe4    00000002     UserExperience.obj (.int50)

.int55     0    0000ffee    00000002     
                  0000ffee    00000002     hal_adc.obj (.int55)

.int58     0    0000fff4    00000002     
                  0000fff4    00000002     UserExperience.obj (.int58)

.int59     0    0000fff6    00000002     
                  0000fff6    00000002     UserExperience.obj (.int59)

.reset     0    0000fffe    00000002     
                  0000fffe    00000002     rts430x.lib : boot.obj (.reset)


GLOBAL SYMBOLS: SORTED ALPHABETICALLY BY Name 

address    name
--------   ----
00001c00   .bss
ffffffff   .text
00000700   ADC12CTL0
00000701   ADC12CTL0_H
00000700   ADC12CTL0_L
00000702   ADC12CTL1
00000703   ADC12CTL1_H
00000702   ADC12CTL1_L
00000704   ADC12CTL2
00000705   ADC12CTL2_H
00000704   ADC12CTL2_L
0000070c   ADC12IE
0000070d   ADC12IE_H
0000070c   ADC12IE_L
0000070a   ADC12IFG
0000070b   ADC12IFG_H
0000070a   ADC12IFG_L
0000070e   ADC12IV
0000070f   ADC12IV_H
0000070e   ADC12IV_L
00000710   ADC12MCTL0
00000711   ADC12MCTL1
0000071a   ADC12MCTL10
0000071b   ADC12MCTL11
0000071c   ADC12MCTL12
0000071d   ADC12MCTL13
0000071e   ADC12MCTL14
0000071f   ADC12MCTL15
00000712   ADC12MCTL2
00000713   ADC12MCTL3
00000714   ADC12MCTL4
00000715   ADC12MCTL5
00000716   ADC12MCTL6
00000717   ADC12MCTL7
00000718   ADC12MCTL8
00000719   ADC12MCTL9
00000720   ADC12MEM0
00000721   ADC12MEM0_H
00000720   ADC12MEM0_L
00000722   ADC12MEM1
00000734   ADC12MEM10
00000735   ADC12MEM10_H
00000734   ADC12MEM10_L
00000736   ADC12MEM11
00000737   ADC12MEM11_H
00000736   ADC12MEM11_L
00000738   ADC12MEM12
00000739   ADC12MEM12_H
00000738   ADC12MEM12_L
0000073a   ADC12MEM13
0000073b   ADC12MEM13_H
0000073a   ADC12MEM13_L
0000073c   ADC12MEM14
0000073d   ADC12MEM14_H
0000073c   ADC12MEM14_L
0000073e   ADC12MEM15
0000073f   ADC12MEM15_H
0000073e   ADC12MEM15_L
00000723   ADC12MEM1_H
00000722   ADC12MEM1_L
00000724   ADC12MEM2
00000725   ADC12MEM2_H
00000724   ADC12MEM2_L
00000726   ADC12MEM3
00000727   ADC12MEM3_H
00000726   ADC12MEM3_L
00000728   ADC12MEM4
00000729   ADC12MEM4_H
00000728   ADC12MEM4_L
0000072a   ADC12MEM5
0000072b   ADC12MEM5_H
0000072a   ADC12MEM5_L
0000072c   ADC12MEM6
0000072d   ADC12MEM6_H
0000072c   ADC12MEM6_L
0000072e   ADC12MEM7
0000072f   ADC12MEM7_H
0000072e   ADC12MEM7_L
00000730   ADC12MEM8
00000731   ADC12MEM8_H
00000730   ADC12MEM8_L
00000732   ADC12MEM9
00000733   ADC12MEM9_H
00000732   ADC12MEM9_L
000060a8   ADC12_ISR
00001950   Acc_X_Calibrated_Offset
00002b22   Acc_X_Calibrated_OffsetLOCAL
00001960   Acc_Y_Calibrated_Offset
00002b24   Acc_Y_Calibrated_OffsetLOCAL
00001970   Acc_Z_Calibrated_Offset
00002b26   Acc_Z_Calibrated_OffsetLOCAL
00002de2   Acc_x
00002de8   Acc_x_offset
00002de4   Acc_y
00002dea   Acc_y_offset
00002de6   Acc_z
00002dec   Acc_z_offset
00002cd9   ActState
000096d4   C$$EXIT
00000150   CRCDI
00000152   CRCDIRB
00000153   CRCDIRB_H
00000152   CRCDIRB_L
00000151   CRCDI_H
00000150   CRCDI_L
00000154   CRCINIRES
00000155   CRCINIRES_H
00000154   CRCINIRES_L
00000156   CRCRESR
00000157   CRCRESR_H
00000156   CRCRESR_L
00002bd8   ClockX
00002bd6   ClockY
00002ba9   CpuMode
00000510   DMA0CTL
00000511   DMA0CTL_H
00000510   DMA0CTL_L
00000516   DMA0DA
00000516   DMA0DAL
00000512   DMA0SA
00000512   DMA0SAL
0000051a   DMA0SZ
00000520   DMA1CTL
00000521   DMA1CTL_H
00000520   DMA1CTL_L
00000526   DMA1DA
00000526   DMA1DAL
00000522   DMA1SA
00000522   DMA1SAL
0000052a   DMA1SZ
00000530   DMA2CTL
00000531   DMA2CTL_H
00000530   DMA2CTL_L
00000536   DMA2DA
00000536   DMA2DAL
00000532   DMA2SA
00000532   DMA2SAL
0000053a   DMA2SZ
00000500   DMACTL0
00000501   DMACTL0_H
00000500   DMACTL0_L
00000502   DMACTL1
00000503   DMACTL1_H
00000502   DMACTL1_L
00000504   DMACTL2
00000505   DMACTL2_H
00000504   DMACTL2_L
00000506   DMACTL3
00000507   DMACTL3_H
00000506   DMACTL3_L
00000508   DMACTL4
00000509   DMACTL4_H
00000508   DMACTL4_L
0000050e   DMAIV
0000050f   DMAIV_H
0000050e   DMAIV_L
00006136   DMA_ISR
00001c78   Draw_Block_Address_Macro
00001c72   Draw_Block_Value_Macro
00000140   FCTL1
00000141   FCTL1_H
00000140   FCTL1_L
00000144   FCTL3
00000145   FCTL3_H
00000144   FCTL3_L
00000146   FCTL4
00000147   FCTL4_H
00000146   FCTL4_L
00008e62   FSM_Button
00008e9c   FSM_Down
000096a6   FSM_Init
00009174   FSM_InitGame
00008ed6   FSM_Left
000076e4   FSM_PushDown
000094c6   FSM_PushLeft
000094e2   FSM_PushRight
000094fe   FSM_PushUp
00008f10   FSM_Right
00008160   FSM_StartGame
0000951a   FSM_StopGame
00008f4a   FSM_Up
00008f84   FSM_Win
00002dfe   GameData
0000b0f6   GamePos
00007806   GetRTCDATE
0000781e   GetRTCDAY
00007818   GetRTCDOW
00007824   GetRTCHOUR
0000782a   GetRTCMIN
00007812   GetRTCMON
00007830   GetRTCSEC
000077fa   GetRTCTIM0
00007800   GetRTCTIM1
0000780c   GetRTCYEAR
0000adec   IMG_RIGHT_FILLED
0000969c   I_LSL
00001c84   LCD_MEM
00001c7e   LcdAddress
00001c00   LcdInitMacro
00001c80   LcdTableAddress
000004c4   MAC
000004da   MAC32H
000004db   MAC32H_H
000004da   MAC32H_L
000004d8   MAC32L
000004d9   MAC32L_H
000004d8   MAC32L_L
000004c6   MACS
000004de   MACS32H
000004df   MACS32H_H
000004de   MACS32H_L
000004dc   MACS32L
000004dd   MACS32L_H
000004dc   MACS32L_L
000004c7   MACS_H
000004c6   MACS_L
000004c5   MAC_H
000004c4   MAC_L
000004c0   MPY
000004ec   MPY32CTL0
000004ed   MPY32CTL0_H
000004ec   MPY32CTL0_L
000004d2   MPY32H
000004d3   MPY32H_H
000004d2   MPY32H_L
000004d0   MPY32L
000004d1   MPY32L_H
000004d0   MPY32L_L
000004c2   MPYS
000004d6   MPYS32H
000004d7   MPYS32H_H
000004d6   MPYS32H_L
000004d4   MPYS32L
000004d5   MPYS32L_H
000004d4   MPYS32L_L
000004c3   MPYS_H
000004c2   MPYS_L
000004c1   MPY_H
000004c0   MPY_L
000004c8   OP2
000004e2   OP2H
000004e3   OP2H_H
000004e2   OP2H_L
000004e0   OP2L
000004e1   OP2L_H
000004e0   OP2L_L
000004c9   OP2_H
000004c8   OP2_L
0000020e   P1IV
0000021e   P2IV
00000204   PADIR
00000205   PADIR_H
00000204   PADIR_L
00000208   PADS
00000209   PADS_H
00000208   PADS_L
0000021a   PAIE
00000218   PAIES
00000219   PAIES_H
00000218   PAIES_L
0000021b   PAIE_H
0000021a   PAIE_L
0000021c   PAIFG
0000021d   PAIFG_H
0000021c   PAIFG_L
00000200   PAIN
00000201   PAIN_H
00000200   PAIN_L
00000202   PAOUT
00000203   PAOUT_H
00000202   PAOUT_L
00000206   PAREN
00000207   PAREN_H
00000206   PAREN_L
0000020a   PASEL
0000020b   PASEL_H
0000020a   PASEL_L
00000224   PBDIR
00000225   PBDIR_H
00000224   PBDIR_L
00000228   PBDS
00000229   PBDS_H
00000228   PBDS_L
00000220   PBIN
00000221   PBIN_H
00000220   PBIN_L
00000222   PBOUT
00000223   PBOUT_H
00000222   PBOUT_L
00000226   PBREN
00000227   PBREN_H
00000226   PBREN_L
0000022a   PBSEL
0000022b   PBSEL_H
0000022a   PBSEL_L
00000244   PCDIR
00000245   PCDIR_H
00000244   PCDIR_L
00000248   PCDS
00000249   PCDS_H
00000248   PCDS_L
00000240   PCIN
00000241   PCIN_H
00000240   PCIN_L
00000242   PCOUT
00000243   PCOUT_H
00000242   PCOUT_L
00000246   PCREN
00000247   PCREN_H
00000246   PCREN_L
0000024a   PCSEL
0000024b   PCSEL_H
0000024a   PCSEL_L
00000264   PDDIR
00000265   PDDIR_H
00000264   PDDIR_L
00000268   PDDS
00000269   PDDS_H
00000268   PDDS_L
00000260   PDIN
00000261   PDIN_H
00000260   PDIN_L
00000262   PDOUT
00000263   PDOUT_H
00000262   PDOUT_L
00000266   PDREN
00000267   PDREN_H
00000266   PDREN_L
0000026a   PDSEL
0000026b   PDSEL_H
0000026a   PDSEL_L
00000284   PEDIR
00000285   PEDIR_H
00000284   PEDIR_L
00000288   PEDS
00000289   PEDS_H
00000288   PEDS_L
00000280   PEIN
00000281   PEIN_H
00000280   PEIN_L
00000282   PEOUT
00000283   PEOUT_H
00000282   PEOUT_L
00000286   PEREN
00000287   PEREN_H
00000286   PEREN_L
0000028a   PESEL
0000028b   PESEL_H
0000028a   PESEL_L
000002a4   PFDIR
000002a5   PFDIR_H
000002a4   PFDIR_L
000002a8   PFDS
000002a9   PFDS_H
000002a8   PFDS_L
000002a0   PFIN
000002a1   PFIN_H
000002a0   PFIN_L
000002a2   PFOUT
000002a3   PFOUT_H
000002a2   PFOUT_L
000002a6   PFREN
000002a7   PFREN_H
000002a6   PFREN_L
000002aa   PFSEL
000002ab   PFSEL_H
000002aa   PFSEL_L
00000324   PJDIR
00000325   PJDIR_H
00000324   PJDIR_L
00000328   PJDS
00000329   PJDS_H
00000328   PJDS_L
00000320   PJIN
00000321   PJIN_H
00000320   PJIN_L
00000322   PJOUT
00000323   PJOUT_H
00000322   PJOUT_L
00000326   PJREN
00000327   PJREN_H
00000326   PJREN_L
00000130   PM5CTL0
00000131   PM5CTL0_H
00000130   PM5CTL0_L
00000120   PMMCTL0
00000121   PMMCTL0_H
00000120   PMMCTL0_L
00000122   PMMCTL1
00000123   PMMCTL1_H
00000122   PMMCTL1_L
0000012c   PMMIFG
0000012d   PMMIFG_H
0000012c   PMMIFG_L
0000012e   PMMRIE
0000012f   PMMRIE_H
0000012e   PMMRIE_L
00002bee   PlaybackPtr
00006070   Port2_ISR
00000158   RCCTL0
00000159   RCCTL0_H
00000158   RCCTL0_L
000001b0   REFCTL0
000001b1   REFCTL0_H
000001b0   REFCTL0_L
000004e4   RES0
000004e5   RES0_H
000004e4   RES0_L
000004e6   RES1
000004e7   RES1_H
000004e6   RES1_L
000004e8   RES2
000004e9   RES2_H
000004e8   RES2_L
000004ea   RES3
000004eb   RES3_H
000004ea   RES3_L
000004cc   RESHI
000004cd   RESHI_H
000004cc   RESHI_L
000004ca   RESLO
000004cb   RESLO_H
000004ca   RESLO_L
000004ba   RTCADOWDAY
000004bb   RTCADOWDAY_H
000004ba   RTCADOWDAY_L
000004b8   RTCAMINHR
000004b9   RTCAMINHR_H
000004b8   RTCAMINHR_L
00002bbc   RTCAccHalfSec
00002bbf   RTCAccSec
000004a0   RTCCTL01
000004a1   RTCCTL01_H
000004a0   RTCCTL01_L
000004a2   RTCCTL23
000004a3   RTCCTL23_H
000004a2   RTCCTL23_L
000004b4   RTCDATE
000004b5   RTCDATE_H
000004b4   RTCDATE_L
00002bbd   RTCExit64Hz
00002bbe   RTCExitSec
000004ae   RTCIV
000004ac   RTCPS
000004a8   RTCPS0CTL
000004a9   RTCPS0CTL_H
000004a8   RTCPS0CTL_L
000004aa   RTCPS1CTL
000004ab   RTCPS1CTL_H
000004aa   RTCPS1CTL_L
000004ad   RTCPS_H
000004ac   RTCPS_L
000004b0   RTCTIM0
000004b1   RTCTIM0_H
000004b0   RTCTIM0_L
000004b2   RTCTIM1
000004b3   RTCTIM1_H
000004b2   RTCTIM1_L
000004b6   RTCYEAR
000004b7   RTCYEAR_H
000004b6   RTCYEAR_L
00005fc2   RTC_ISR
00001c6c   Read_Block_Address_Macro
00000100   SFRIE1
00000101   SFRIE1_H
00000100   SFRIE1_L
00000102   SFRIFG1
00000103   SFRIFG1_H
00000102   SFRIFG1_L
00000104   SFRRPCR
00000105   SFRRPCR_H
00000104   SFRRPCR_L
000004ce   SUMEXT
000004cf   SUMEXT_H
000004ce   SUMEXT_L
00000124   SVSMHCTL
00000125   SVSMHCTL_H
00000124   SVSMHCTL_L
00000128   SVSMIO
00000129   SVSMIO_H
00000128   SVSMIO_L
00000126   SVSMLCTL
00000127   SVSMLCTL_H
00000126   SVSMLCTL_L
00000198   SYSBERRIV
00000199   SYSBERRIV_H
00000198   SYSBERRIV_L
00000182   SYSBSLC
00000183   SYSBSLC_H
00000182   SYSBSLC_L
00000180   SYSCTL
00000181   SYSCTL_H
00000180   SYSCTL_L
00000186   SYSJMBC
00000187   SYSJMBC_H
00000186   SYSJMBC_L
00000188   SYSJMBI0
00000189   SYSJMBI0_H
00000188   SYSJMBI0_L
0000018a   SYSJMBI1
0000018b   SYSJMBI1_H
0000018a   SYSJMBI1_L
0000018c   SYSJMBO0
0000018d   SYSJMBO0_H
0000018c   SYSJMBO0_L
0000018e   SYSJMBO1
0000018f   SYSJMBO1_H
0000018e   SYSJMBO1_L
0000019e   SYSRSTIV
0000019f   SYSRSTIV_H
0000019e   SYSRSTIV_L
0000019c   SYSSNIV
0000019d   SYSSNIV_H
0000019c   SYSSNIV_L
0000019a   SYSUNIV
0000019b   SYSUNIV_H
0000019a   SYSUNIV_L
00002ddc   SavedADC12MEM0
00002dde   SavedADC12MEM1
00002de0   SavedADC12MEM2
0000775c   SetRTCDAY
0000777e   SetRTCDOW
0000779c   SetRTCHOUR
000077bc   SetRTCMIN
00007720   SetRTCMON
000077da   SetRTCSEC
00007700   SetRTCYEAR
00008c02   StartPuzzle
0000ac60   StateTable
00000352   TA0CCR0
00000354   TA0CCR1
00000356   TA0CCR2
00000358   TA0CCR3
0000035a   TA0CCR4
00000342   TA0CCTL0
00000344   TA0CCTL1
00000346   TA0CCTL2
00000348   TA0CCTL3
0000034a   TA0CCTL4
00000340   TA0CTL
00000360   TA0EX0
0000036e   TA0IV
00000350   TA0R
00000392   TA1CCR0
00000394   TA1CCR1
00000396   TA1CCR2
00000382   TA1CCTL0
00000384   TA1CCTL1
00000386   TA1CCTL2
00000380   TA1CTL
000003a0   TA1EX0
000003ae   TA1IV
00000390   TA1R
000003d2   TB0CCR0
000003d4   TB0CCR1
000003d6   TB0CCR2
000003d8   TB0CCR3
000003da   TB0CCR4
000003dc   TB0CCR5
000003de   TB0CCR6
000003c2   TB0CCTL0
000003c4   TB0CCTL1
000003c6   TB0CCTL2
000003c8   TB0CCTL3
000003ca   TB0CCTL4
000003cc   TB0CCTL5
000003ce   TB0CCTL6
000003c0   TB0CTL
000003e0   TB0EX0
000003ee   TB0IV
000003d0   TB0R
00006026   TIMERB1_ISR
000096da   TI_BUG
0000aeec   TI_TINY_BUG
00002df2   Temperature
00002bae   TemperatureStr
00009576   TimerA1Init
000095fe   TimerA1Stop
00005f28   Timer_A1_CCR0_ISR
000005d0   UCA0ABCTL
000005c6   UCA0BRW
000005c7   UCA0BRW_H
000005c6   UCA0BRW_L
000005c0   UCA0CTLW0
000005c1   UCA0CTLW0_H
000005c0   UCA0CTLW0_L
000005dc   UCA0ICTL
000005dd   UCA0ICTL_H
000005dc   UCA0ICTL_L
000005d2   UCA0IRCTL
000005d3   UCA0IRCTL_H
000005d2   UCA0IRCTL_L
000005de   UCA0IV
000005c8   UCA0MCTL
000005cc   UCA0RXBUF
000005ca   UCA0STAT
000005ce   UCA0TXBUF
00000610   UCA1ABCTL
00000606   UCA1BRW
00000607   UCA1BRW_H
00000606   UCA1BRW_L
00000600   UCA1CTLW0
00000601   UCA1CTLW0_H
00000600   UCA1CTLW0_L
0000061c   UCA1ICTL
0000061d   UCA1ICTL_H
0000061c   UCA1ICTL_L
00000612   UCA1IRCTL
00000613   UCA1IRCTL_H
00000612   UCA1IRCTL_L
0000061e   UCA1IV
00000608   UCA1MCTL
0000060c   UCA1RXBUF
0000060a   UCA1STAT
0000060e   UCA1TXBUF
00000650   UCA2ABCTL
00000646   UCA2BRW
00000647   UCA2BRW_H
00000646   UCA2BRW_L
00000640   UCA2CTLW0
00000641   UCA2CTLW0_H
00000640   UCA2CTLW0_L
0000065c   UCA2ICTL
0000065d   UCA2ICTL_H
0000065c   UCA2ICTL_L
00000652   UCA2IRCTL
00000653   UCA2IRCTL_H
00000652   UCA2IRCTL_L
0000065e   UCA2IV
00000648   UCA2MCTL
0000064c   UCA2RXBUF
0000064a   UCA2STAT
0000064e   UCA2TXBUF
00000690   UCA3ABCTL
00000686   UCA3BRW
00000687   UCA3BRW_H
00000686   UCA3BRW_L
00000680   UCA3CTLW0
00000681   UCA3CTLW0_H
00000680   UCA3CTLW0_L
0000069c   UCA3ICTL
0000069d   UCA3ICTL_H
0000069c   UCA3ICTL_L
00000692   UCA3IRCTL
00000693   UCA3IRCTL_H
00000692   UCA3IRCTL_L
0000069e   UCA3IV
00000688   UCA3MCTL
0000068c   UCA3RXBUF
0000068a   UCA3STAT
0000068e   UCA3TXBUF
000005e6   UCB0BRW
000005e7   UCB0BRW_H
000005e6   UCB0BRW_L
000005e0   UCB0CTLW0
000005e1   UCB0CTLW0_H
000005e0   UCB0CTLW0_L
000005f0   UCB0I2COA
000005f1   UCB0I2COA_H
000005f0   UCB0I2COA_L
000005f2   UCB0I2CSA
000005f3   UCB0I2CSA_H
000005f2   UCB0I2CSA_L
000005fc   UCB0ICTL
000005fd   UCB0ICTL_H
000005fc   UCB0ICTL_L
000005fe   UCB0IV
000005ec   UCB0RXBUF
000005ea   UCB0STAT
000005ee   UCB0TXBUF
00000626   UCB1BRW
00000627   UCB1BRW_H
00000626   UCB1BRW_L
00000620   UCB1CTLW0
00000621   UCB1CTLW0_H
00000620   UCB1CTLW0_L
00000630   UCB1I2COA
00000631   UCB1I2COA_H
00000630   UCB1I2COA_L
00000632   UCB1I2CSA
00000633   UCB1I2CSA_H
00000632   UCB1I2CSA_L
0000063c   UCB1ICTL
0000063d   UCB1ICTL_H
0000063c   UCB1ICTL_L
0000063e   UCB1IV
0000062c   UCB1RXBUF
0000062a   UCB1STAT
0000062e   UCB1TXBUF
00000666   UCB2BRW
00000667   UCB2BRW_H
00000666   UCB2BRW_L
00000660   UCB2CTLW0
00000661   UCB2CTLW0_H
00000660   UCB2CTLW0_L
00000670   UCB2I2COA
00000671   UCB2I2COA_H
00000670   UCB2I2COA_L
00000672   UCB2I2CSA
00000673   UCB2I2CSA_H
00000672   UCB2I2CSA_L
0000067c   UCB2ICTL
0000067d   UCB2ICTL_H
0000067c   UCB2ICTL_L
0000067e   UCB2IV
0000066c   UCB2RXBUF
0000066a   UCB2STAT
0000066e   UCB2TXBUF
000006a6   UCB3BRW
000006a7   UCB3BRW_H
000006a6   UCB3BRW_L
000006a0   UCB3CTLW0
000006a1   UCB3CTLW0_H
000006a0   UCB3CTLW0_L
000006b0   UCB3I2COA
000006b1   UCB3I2COA_H
000006b0   UCB3I2COA_L
000006b2   UCB3I2CSA
000006b3   UCB3I2CSA_H
000006b2   UCB3I2CSA_L
000006bc   UCB3ICTL
000006bd   UCB3ICTL_H
000006bc   UCB3ICTL_L
000006be   UCB3IV
000006ac   UCB3RXBUF
000006aa   UCB3STAT
000006ae   UCB3TXBUF
00000160   UCSCTL0
00000161   UCSCTL0_H
00000160   UCSCTL0_L
00000162   UCSCTL1
00000163   UCSCTL1_H
00000162   UCSCTL1_L
00000164   UCSCTL2
00000165   UCSCTL2_H
00000164   UCSCTL2_L
00000166   UCSCTL3
00000167   UCSCTL3_H
00000166   UCSCTL3_L
00000168   UCSCTL4
00000169   UCSCTL4_H
00000168   UCSCTL4_L
0000016a   UCSCTL5
0000016b   UCSCTL5_H
0000016a   UCSCTL5_L
0000016c   UCSCTL6
0000016d   UCSCTL6_H
0000016c   UCSCTL6_L
0000016e   UCSCTL7
0000016f   UCSCTL7_H
0000016e   UCSCTL7_L
00000170   UCSCTL8
00000171   UCSCTL8_H
00000170   UCSCTL8_L
000060fc   USCI_A1_ISR
00008abc   UpdateField
00007004   UserExperience
00002dee   Vcc
00002bb6   VccStr
0000015c   WDTCTL
0000015d   WDTCTL_H
0000015c   WDTCTL_L
0000611c   WDT_ISR
00005c00   __STACK_END
000000a0   __STACK_SIZE
00000001   __TI_args_main
00000001   __TI_auto_init
00000001   __TI_exit
ffffffff   __binit__
00001c00   __bss__
ffffffff   __c_args__
00005c00   __cinit__
00008de4   __divli
000089b8   __divul
00002e1e   __end__
ffffffff   __etext__
0000954a   __mpyi_f5hw
00009466   __mpyl_f5hw
ffffffff   __pinit__
00008de4   __remli
000089b8   __remul
ffffffff   __text__
00008c48   _auto_init
000060d2   _c_int00
000060d2   _c_int00_noexit
00002e10   _cleanup_ptr
00002e14   _dtors_ptr
00002e08   _lock
000096d8   _nop
0000fffe   _reset_vector
00005b60   _stack
000096d0   _system_pre_init
00002e0c   _unlock
000096d4   abort
00009688   abs
00002baa   accWake
0000743e   activeMenuMode
00002dfb   adcMode
0000809a   analogClockDrawHand
00007c4c   analogClockInit
00007952   analogClockUpdate
000090da   assert_board_version
000082cc   audio
00007fd2   audioPlayBack
0000759c   audioRecord
00001c83   backlight
00006922   balanceBall
ffffffff   binit
00001900   boardMode
00002b20   boardModeLOCAL
00002dda   bufferSize
00002bac   buttonDebounce
00002bab   buttonsPressed
00005c00   cinit
00002bc5   colon1
00002bc2   colon2
00006b24   configureAccelerometer
00001c82   contrast
00002dfa   conversionType
0000b076   cos
0000958a   digitalClockDraw
00008a10   displayAnalogClock
00002cca   dummyCalculation
00002e1e   end
00002bc8   endofstring
ffffffff   etext
00002dfc   exit_active_from_ADC12
00008c8e   flashErase
00009142   flashEraseBank
000092be   flashEraseSegment
0000a272   fonts
0000afec   fonts_lookup
000091a4   halAccelerometerCalibrate
0000959e   halAccelerometerGetCalibratedOffset
00008b10   halAccelerometerInit
00009032   halAccelerometerRead
000095b2   halAccelerometerReadWithOffset
0000961e   halAccelerometerSetCalibratedOffset
00009400   halAccelerometerShutDown
0000836a   halAdcConvertTempVccFromADC
000096ac   halAdcGetTemp
00009342   halAdcInitTempVcc
00006cfe   halAdcReadTempVcc
000096b2   halAdcSetQuitFromISR
000096b8   halAdcSetTempConversionType
00009692   halAdcSetTempOffset
00009664   halAdcShutDownTempVcc
0000906a   halAdcStartRead
000086f4   halBoardInit
0000962c   halBoardOutputSystemClock
0000889e   halBoardSetSystemClock
000091d4   halBoardSetVCore
00009234   halBoardStartXT1
000095c6   halBoardStopOutputSystemClock
000095da   halButtonsInit
000096be   halButtonsInterruptDisable
0000963a   halButtonsInterruptEnable
000094a8   halLcdActive
00009262   halLcdBackLightInit
00007836   halLcdCircle
00008d60   halLcdClearImage
000093b8   halLcdClearScreen
000088fc   halLcdCursor
00009648   halLcdCursorOff
00009656   halLcdDrawBlock
00008762   halLcdDrawCurrentBlock
000096c4   halLcdGetBackLight
000096ca   halLcdGetContrast
000092ea   halLcdHLine
00008b64   halLcdImage
00008490   halLcdInit
00007d3c   halLcdLine
00008218   halLcdPixel
00007b58   halLcdPrint
000093dc   halLcdPrintLine
00009392   halLcdPrintLineCol
00009488   halLcdPrintXY
00008da2   halLcdSendCommand
0000910e   halLcdSetAddress
00008cd4   halLcdSetBackLight
00009422   halLcdSetContrast
00009532   halLcdStandby
00009316   halLcdVLine
0000883a   halUsbInit
00002cda   halUsbReceiveBuffer
00009670   halUsbSendChar
00009444   halUsbShutDown
00002bce   hour
00002bc0   hour1stBCD
00002bc1   hour2ndBCD
00002bd4   hourOld
00002bf2   lastAudioByte
00001940   lastAudioByteFlash
00001908   lcdBackLightLevelSetting
00002b28   lcdBackLightLevelSettingLOCAL
00001910   lcdContrastSetting
00002b29   lcdContrastSettingLOCAL
00007e22   loadSettings
00007efa   lowPowerMode3
0000967c   main
000095ec   memcpy
000066ae   menuPMMMCLK
00002ba6   menuPos
00008684   menuUpdate
00002bcc   minute
00002bc3   minute1stBCD
00002bc4   minute2ndBCD
00002bd2   minuteOld
0000b0b6   myRfConfig
ffffffff   pinit
000090a2   rand
00002e1c   rfConfig
000087ce   saveSettings
00002bca   second
00002bc6   second1stBCD
00002bc7   second2ndBCD
00002bd0   secondOld
00006e88   setBackLight
00007174   setContrast
00006160   setTemperatureConversion
000072dc   setTime
00002ba7   settingMenuPos
00008bb6   setupRTC
00009560   srand
0000960e   startWDT
00001920   temperatureCalibrationC
00002b2c   temperatureCalibrationCLOCAL
00001928   temperatureConversion
00002b2a   temperatureConversionLOCAL
00002df6   temperatureOffset
00002ba8   timeOutCounter
0000895a   updateDigitalClock
00007a62   usbTest
00001978   wakeUpOnAcc
00002b30   wakeUpOnAccLOCAL
00002cd2   wastingCycles
00002cce   wastingTime


GLOBAL SYMBOLS: SORTED BY Symbol Address 

address    name
--------   ----
00000001   __TI_args_main
00000001   __TI_auto_init
00000001   __TI_exit
000000a0   __STACK_SIZE
00000100   SFRIE1
00000100   SFRIE1_L
00000101   SFRIE1_H
00000102   SFRIFG1
00000102   SFRIFG1_L
00000103   SFRIFG1_H
00000104   SFRRPCR
00000104   SFRRPCR_L
00000105   SFRRPCR_H
00000120   PMMCTL0
00000120   PMMCTL0_L
00000121   PMMCTL0_H
00000122   PMMCTL1
00000122   PMMCTL1_L
00000123   PMMCTL1_H
00000124   SVSMHCTL
00000124   SVSMHCTL_L
00000125   SVSMHCTL_H
00000126   SVSMLCTL
00000126   SVSMLCTL_L
00000127   SVSMLCTL_H
00000128   SVSMIO
00000128   SVSMIO_L
00000129   SVSMIO_H
0000012c   PMMIFG
0000012c   PMMIFG_L
0000012d   PMMIFG_H
0000012e   PMMRIE
0000012e   PMMRIE_L
0000012f   PMMRIE_H
00000130   PM5CTL0
00000130   PM5CTL0_L
00000131   PM5CTL0_H
00000140   FCTL1
00000140   FCTL1_L
00000141   FCTL1_H
00000144   FCTL3
00000144   FCTL3_L
00000145   FCTL3_H
00000146   FCTL4
00000146   FCTL4_L
00000147   FCTL4_H
00000150   CRCDI
00000150   CRCDI_L
00000151   CRCDI_H
00000152   CRCDIRB
00000152   CRCDIRB_L
00000153   CRCDIRB_H
00000154   CRCINIRES
00000154   CRCINIRES_L
00000155   CRCINIRES_H
00000156   CRCRESR
00000156   CRCRESR_L
00000157   CRCRESR_H
00000158   RCCTL0
00000158   RCCTL0_L
00000159   RCCTL0_H
0000015c   WDTCTL
0000015c   WDTCTL_L
0000015d   WDTCTL_H
00000160   UCSCTL0
00000160   UCSCTL0_L
00000161   UCSCTL0_H
00000162   UCSCTL1
00000162   UCSCTL1_L
00000163   UCSCTL1_H
00000164   UCSCTL2
00000164   UCSCTL2_L
00000165   UCSCTL2_H
00000166   UCSCTL3
00000166   UCSCTL3_L
00000167   UCSCTL3_H
00000168   UCSCTL4
00000168   UCSCTL4_L
00000169   UCSCTL4_H
0000016a   UCSCTL5
0000016a   UCSCTL5_L
0000016b   UCSCTL5_H
0000016c   UCSCTL6
0000016c   UCSCTL6_L
0000016d   UCSCTL6_H
0000016e   UCSCTL7
0000016e   UCSCTL7_L
0000016f   UCSCTL7_H
00000170   UCSCTL8
00000170   UCSCTL8_L
00000171   UCSCTL8_H
00000180   SYSCTL
00000180   SYSCTL_L
00000181   SYSCTL_H
00000182   SYSBSLC
00000182   SYSBSLC_L
00000183   SYSBSLC_H
00000186   SYSJMBC
00000186   SYSJMBC_L
00000187   SYSJMBC_H
00000188   SYSJMBI0
00000188   SYSJMBI0_L
00000189   SYSJMBI0_H
0000018a   SYSJMBI1
0000018a   SYSJMBI1_L
0000018b   SYSJMBI1_H
0000018c   SYSJMBO0
0000018c   SYSJMBO0_L
0000018d   SYSJMBO0_H
0000018e   SYSJMBO1
0000018e   SYSJMBO1_L
0000018f   SYSJMBO1_H
00000198   SYSBERRIV
00000198   SYSBERRIV_L
00000199   SYSBERRIV_H
0000019a   SYSUNIV
0000019a   SYSUNIV_L
0000019b   SYSUNIV_H
0000019c   SYSSNIV
0000019c   SYSSNIV_L
0000019d   SYSSNIV_H
0000019e   SYSRSTIV
0000019e   SYSRSTIV_L
0000019f   SYSRSTIV_H
000001b0   REFCTL0
000001b0   REFCTL0_L
000001b1   REFCTL0_H
00000200   PAIN
00000200   PAIN_L
00000201   PAIN_H
00000202   PAOUT
00000202   PAOUT_L
00000203   PAOUT_H
00000204   PADIR
00000204   PADIR_L
00000205   PADIR_H
00000206   PAREN
00000206   PAREN_L
00000207   PAREN_H
00000208   PADS
00000208   PADS_L
00000209   PADS_H
0000020a   PASEL
0000020a   PASEL_L
0000020b   PASEL_H
0000020e   P1IV
00000218   PAIES
00000218   PAIES_L
00000219   PAIES_H
0000021a   PAIE
0000021a   PAIE_L
0000021b   PAIE_H
0000021c   PAIFG
0000021c   PAIFG_L
0000021d   PAIFG_H
0000021e   P2IV
00000220   PBIN
00000220   PBIN_L
00000221   PBIN_H
00000222   PBOUT
00000222   PBOUT_L
00000223   PBOUT_H
00000224   PBDIR
00000224   PBDIR_L
00000225   PBDIR_H
00000226   PBREN
00000226   PBREN_L
00000227   PBREN_H
00000228   PBDS
00000228   PBDS_L
00000229   PBDS_H
0000022a   PBSEL
0000022a   PBSEL_L
0000022b   PBSEL_H
00000240   PCIN
00000240   PCIN_L
00000241   PCIN_H
00000242   PCOUT
00000242   PCOUT_L
00000243   PCOUT_H
00000244   PCDIR
00000244   PCDIR_L
00000245   PCDIR_H
00000246   PCREN
00000246   PCREN_L
00000247   PCREN_H
00000248   PCDS
00000248   PCDS_L
00000249   PCDS_H
0000024a   PCSEL
0000024a   PCSEL_L
0000024b   PCSEL_H
00000260   PDIN
00000260   PDIN_L
00000261   PDIN_H
00000262   PDOUT
00000262   PDOUT_L
00000263   PDOUT_H
00000264   PDDIR
00000264   PDDIR_L
00000265   PDDIR_H
00000266   PDREN
00000266   PDREN_L
00000267   PDREN_H
00000268   PDDS
00000268   PDDS_L
00000269   PDDS_H
0000026a   PDSEL
0000026a   PDSEL_L
0000026b   PDSEL_H
00000280   PEIN
00000280   PEIN_L
00000281   PEIN_H
00000282   PEOUT
00000282   PEOUT_L
00000283   PEOUT_H
00000284   PEDIR
00000284   PEDIR_L
00000285   PEDIR_H
00000286   PEREN
00000286   PEREN_L
00000287   PEREN_H
00000288   PEDS
00000288   PEDS_L
00000289   PEDS_H
0000028a   PESEL
0000028a   PESEL_L
0000028b   PESEL_H
000002a0   PFIN
000002a0   PFIN_L
000002a1   PFIN_H
000002a2   PFOUT
000002a2   PFOUT_L
000002a3   PFOUT_H
000002a4   PFDIR
000002a4   PFDIR_L
000002a5   PFDIR_H
000002a6   PFREN
000002a6   PFREN_L
000002a7   PFREN_H
000002a8   PFDS
000002a8   PFDS_L
000002a9   PFDS_H
000002aa   PFSEL
000002aa   PFSEL_L
000002ab   PFSEL_H
00000320   PJIN
00000320   PJIN_L
00000321   PJIN_H
00000322   PJOUT
00000322   PJOUT_L
00000323   PJOUT_H
00000324   PJDIR
00000324   PJDIR_L
00000325   PJDIR_H
00000326   PJREN
00000326   PJREN_L
00000327   PJREN_H
00000328   PJDS
00000328   PJDS_L
00000329   PJDS_H
00000340   TA0CTL
00000342   TA0CCTL0
00000344   TA0CCTL1
00000346   TA0CCTL2
00000348   TA0CCTL3
0000034a   TA0CCTL4
00000350   TA0R
00000352   TA0CCR0
00000354   TA0CCR1
00000356   TA0CCR2
00000358   TA0CCR3
0000035a   TA0CCR4
00000360   TA0EX0
0000036e   TA0IV
00000380   TA1CTL
00000382   TA1CCTL0
00000384   TA1CCTL1
00000386   TA1CCTL2
00000390   TA1R
00000392   TA1CCR0
00000394   TA1CCR1
00000396   TA1CCR2
000003a0   TA1EX0
000003ae   TA1IV
000003c0   TB0CTL
000003c2   TB0CCTL0
000003c4   TB0CCTL1
000003c6   TB0CCTL2
000003c8   TB0CCTL3
000003ca   TB0CCTL4
000003cc   TB0CCTL5
000003ce   TB0CCTL6
000003d0   TB0R
000003d2   TB0CCR0
000003d4   TB0CCR1
000003d6   TB0CCR2
000003d8   TB0CCR3
000003da   TB0CCR4
000003dc   TB0CCR5
000003de   TB0CCR6
000003e0   TB0EX0
000003ee   TB0IV
000004a0   RTCCTL01
000004a0   RTCCTL01_L
000004a1   RTCCTL01_H
000004a2   RTCCTL23
000004a2   RTCCTL23_L
000004a3   RTCCTL23_H
000004a8   RTCPS0CTL
000004a8   RTCPS0CTL_L
000004a9   RTCPS0CTL_H
000004aa   RTCPS1CTL
000004aa   RTCPS1CTL_L
000004ab   RTCPS1CTL_H
000004ac   RTCPS
000004ac   RTCPS_L
000004ad   RTCPS_H
000004ae   RTCIV
000004b0   RTCTIM0
000004b0   RTCTIM0_L
000004b1   RTCTIM0_H
000004b2   RTCTIM1
000004b2   RTCTIM1_L
000004b3   RTCTIM1_H
000004b4   RTCDATE
000004b4   RTCDATE_L
000004b5   RTCDATE_H
000004b6   RTCYEAR
000004b6   RTCYEAR_L
000004b7   RTCYEAR_H
000004b8   RTCAMINHR
000004b8   RTCAMINHR_L
000004b9   RTCAMINHR_H
000004ba   RTCADOWDAY
000004ba   RTCADOWDAY_L
000004bb   RTCADOWDAY_H
000004c0   MPY
000004c0   MPY_L
000004c1   MPY_H
000004c2   MPYS
000004c2   MPYS_L
000004c3   MPYS_H
000004c4   MAC
000004c4   MAC_L
000004c5   MAC_H
000004c6   MACS
000004c6   MACS_L
000004c7   MACS_H
000004c8   OP2
000004c8   OP2_L
000004c9   OP2_H
000004ca   RESLO
000004ca   RESLO_L
000004cb   RESLO_H
000004cc   RESHI
000004cc   RESHI_L
000004cd   RESHI_H
000004ce   SUMEXT
000004ce   SUMEXT_L
000004cf   SUMEXT_H
000004d0   MPY32L
000004d0   MPY32L_L
000004d1   MPY32L_H
000004d2   MPY32H
000004d2   MPY32H_L
000004d3   MPY32H_H
000004d4   MPYS32L
000004d4   MPYS32L_L
000004d5   MPYS32L_H
000004d6   MPYS32H
000004d6   MPYS32H_L
000004d7   MPYS32H_H
000004d8   MAC32L
000004d8   MAC32L_L
000004d9   MAC32L_H
000004da   MAC32H
000004da   MAC32H_L
000004db   MAC32H_H
000004dc   MACS32L
000004dc   MACS32L_L
000004dd   MACS32L_H
000004de   MACS32H
000004de   MACS32H_L
000004df   MACS32H_H
000004e0   OP2L
000004e0   OP2L_L
000004e1   OP2L_H
000004e2   OP2H
000004e2   OP2H_L
000004e3   OP2H_H
000004e4   RES0
000004e4   RES0_L
000004e5   RES0_H
000004e6   RES1
000004e6   RES1_L
000004e7   RES1_H
000004e8   RES2
000004e8   RES2_L
000004e9   RES2_H
000004ea   RES3
000004ea   RES3_L
000004eb   RES3_H
000004ec   MPY32CTL0
000004ec   MPY32CTL0_L
000004ed   MPY32CTL0_H
00000500   DMACTL0
00000500   DMACTL0_L
00000501   DMACTL0_H
00000502   DMACTL1
00000502   DMACTL1_L
00000503   DMACTL1_H
00000504   DMACTL2
00000504   DMACTL2_L
00000505   DMACTL2_H
00000506   DMACTL3
00000506   DMACTL3_L
00000507   DMACTL3_H
00000508   DMACTL4
00000508   DMACTL4_L
00000509   DMACTL4_H
0000050e   DMAIV
0000050e   DMAIV_L
0000050f   DMAIV_H
00000510   DMA0CTL
00000510   DMA0CTL_L
00000511   DMA0CTL_H
00000512   DMA0SA
00000512   DMA0SAL
00000516   DMA0DA
00000516   DMA0DAL
0000051a   DMA0SZ
00000520   DMA1CTL
00000520   DMA1CTL_L
00000521   DMA1CTL_H
00000522   DMA1SA
00000522   DMA1SAL
00000526   DMA1DA
00000526   DMA1DAL
0000052a   DMA1SZ
00000530   DMA2CTL
00000530   DMA2CTL_L
00000531   DMA2CTL_H
00000532   DMA2SA
00000532   DMA2SAL
00000536   DMA2DA
00000536   DMA2DAL
0000053a   DMA2SZ
000005c0   UCA0CTLW0
000005c0   UCA0CTLW0_L
000005c1   UCA0CTLW0_H
000005c6   UCA0BRW
000005c6   UCA0BRW_L
000005c7   UCA0BRW_H
000005c8   UCA0MCTL
000005ca   UCA0STAT
000005cc   UCA0RXBUF
000005ce   UCA0TXBUF
000005d0   UCA0ABCTL
000005d2   UCA0IRCTL
000005d2   UCA0IRCTL_L
000005d3   UCA0IRCTL_H
000005dc   UCA0ICTL
000005dc   UCA0ICTL_L
000005dd   UCA0ICTL_H
000005de   UCA0IV
000005e0   UCB0CTLW0
000005e0   UCB0CTLW0_L
000005e1   UCB0CTLW0_H
000005e6   UCB0BRW
000005e6   UCB0BRW_L
000005e7   UCB0BRW_H
000005ea   UCB0STAT
000005ec   UCB0RXBUF
000005ee   UCB0TXBUF
000005f0   UCB0I2COA
000005f0   UCB0I2COA_L
000005f1   UCB0I2COA_H
000005f2   UCB0I2CSA
000005f2   UCB0I2CSA_L
000005f3   UCB0I2CSA_H
000005fc   UCB0ICTL
000005fc   UCB0ICTL_L
000005fd   UCB0ICTL_H
000005fe   UCB0IV
00000600   UCA1CTLW0
00000600   UCA1CTLW0_L
00000601   UCA1CTLW0_H
00000606   UCA1BRW
00000606   UCA1BRW_L
00000607   UCA1BRW_H
00000608   UCA1MCTL
0000060a   UCA1STAT
0000060c   UCA1RXBUF
0000060e   UCA1TXBUF
00000610   UCA1ABCTL
00000612   UCA1IRCTL
00000612   UCA1IRCTL_L
00000613   UCA1IRCTL_H
0000061c   UCA1ICTL
0000061c   UCA1ICTL_L
0000061d   UCA1ICTL_H
0000061e   UCA1IV
00000620   UCB1CTLW0
00000620   UCB1CTLW0_L
00000621   UCB1CTLW0_H
00000626   UCB1BRW
00000626   UCB1BRW_L
00000627   UCB1BRW_H
0000062a   UCB1STAT
0000062c   UCB1RXBUF
0000062e   UCB1TXBUF
00000630   UCB1I2COA
00000630   UCB1I2COA_L
00000631   UCB1I2COA_H
00000632   UCB1I2CSA
00000632   UCB1I2CSA_L
00000633   UCB1I2CSA_H
0000063c   UCB1ICTL
0000063c   UCB1ICTL_L
0000063d   UCB1ICTL_H
0000063e   UCB1IV
00000640   UCA2CTLW0
00000640   UCA2CTLW0_L
00000641   UCA2CTLW0_H
00000646   UCA2BRW
00000646   UCA2BRW_L
00000647   UCA2BRW_H
00000648   UCA2MCTL
0000064a   UCA2STAT
0000064c   UCA2RXBUF
0000064e   UCA2TXBUF
00000650   UCA2ABCTL
00000652   UCA2IRCTL
00000652   UCA2IRCTL_L
00000653   UCA2IRCTL_H
0000065c   UCA2ICTL
0000065c   UCA2ICTL_L
0000065d   UCA2ICTL_H
0000065e   UCA2IV
00000660   UCB2CTLW0
00000660   UCB2CTLW0_L
00000661   UCB2CTLW0_H
00000666   UCB2BRW
00000666   UCB2BRW_L
00000667   UCB2BRW_H
0000066a   UCB2STAT
0000066c   UCB2RXBUF
0000066e   UCB2TXBUF
00000670   UCB2I2COA
00000670   UCB2I2COA_L
00000671   UCB2I2COA_H
00000672   UCB2I2CSA
00000672   UCB2I2CSA_L
00000673   UCB2I2CSA_H
0000067c   UCB2ICTL
0000067c   UCB2ICTL_L
0000067d   UCB2ICTL_H
0000067e   UCB2IV
00000680   UCA3CTLW0
00000680   UCA3CTLW0_L
00000681   UCA3CTLW0_H
00000686   UCA3BRW
00000686   UCA3BRW_L
00000687   UCA3BRW_H
00000688   UCA3MCTL
0000068a   UCA3STAT
0000068c   UCA3RXBUF
0000068e   UCA3TXBUF
00000690   UCA3ABCTL
00000692   UCA3IRCTL
00000692   UCA3IRCTL_L
00000693   UCA3IRCTL_H
0000069c   UCA3ICTL
0000069c   UCA3ICTL_L
0000069d   UCA3ICTL_H
0000069e   UCA3IV
000006a0   UCB3CTLW0
000006a0   UCB3CTLW0_L
000006a1   UCB3CTLW0_H
000006a6   UCB3BRW
000006a6   UCB3BRW_L
000006a7   UCB3BRW_H
000006aa   UCB3STAT
000006ac   UCB3RXBUF
000006ae   UCB3TXBUF
000006b0   UCB3I2COA
000006b0   UCB3I2COA_L
000006b1   UCB3I2COA_H
000006b2   UCB3I2CSA
000006b2   UCB3I2CSA_L
000006b3   UCB3I2CSA_H
000006bc   UCB3ICTL
000006bc   UCB3ICTL_L
000006bd   UCB3ICTL_H
000006be   UCB3IV
00000700   ADC12CTL0
00000700   ADC12CTL0_L
00000701   ADC12CTL0_H
00000702   ADC12CTL1
00000702   ADC12CTL1_L
00000703   ADC12CTL1_H
00000704   ADC12CTL2
00000704   ADC12CTL2_L
00000705   ADC12CTL2_H
0000070a   ADC12IFG
0000070a   ADC12IFG_L
0000070b   ADC12IFG_H
0000070c   ADC12IE
0000070c   ADC12IE_L
0000070d   ADC12IE_H
0000070e   ADC12IV
0000070e   ADC12IV_L
0000070f   ADC12IV_H
00000710   ADC12MCTL0
00000711   ADC12MCTL1
00000712   ADC12MCTL2
00000713   ADC12MCTL3
00000714   ADC12MCTL4
00000715   ADC12MCTL5
00000716   ADC12MCTL6
00000717   ADC12MCTL7
00000718   ADC12MCTL8
00000719   ADC12MCTL9
0000071a   ADC12MCTL10
0000071b   ADC12MCTL11
0000071c   ADC12MCTL12
0000071d   ADC12MCTL13
0000071e   ADC12MCTL14
0000071f   ADC12MCTL15
00000720   ADC12MEM0
00000720   ADC12MEM0_L
00000721   ADC12MEM0_H
00000722   ADC12MEM1
00000722   ADC12MEM1_L
00000723   ADC12MEM1_H
00000724   ADC12MEM2
00000724   ADC12MEM2_L
00000725   ADC12MEM2_H
00000726   ADC12MEM3
00000726   ADC12MEM3_L
00000727   ADC12MEM3_H
00000728   ADC12MEM4
00000728   ADC12MEM4_L
00000729   ADC12MEM4_H
0000072a   ADC12MEM5
0000072a   ADC12MEM5_L
0000072b   ADC12MEM5_H
0000072c   ADC12MEM6
0000072c   ADC12MEM6_L
0000072d   ADC12MEM6_H
0000072e   ADC12MEM7
0000072e   ADC12MEM7_L
0000072f   ADC12MEM7_H
00000730   ADC12MEM8
00000730   ADC12MEM8_L
00000731   ADC12MEM8_H
00000732   ADC12MEM9
00000732   ADC12MEM9_L
00000733   ADC12MEM9_H
00000734   ADC12MEM10
00000734   ADC12MEM10_L
00000735   ADC12MEM10_H
00000736   ADC12MEM11
00000736   ADC12MEM11_L
00000737   ADC12MEM11_H
00000738   ADC12MEM12
00000738   ADC12MEM12_L
00000739   ADC12MEM12_H
0000073a   ADC12MEM13
0000073a   ADC12MEM13_L
0000073b   ADC12MEM13_H
0000073c   ADC12MEM14
0000073c   ADC12MEM14_L
0000073d   ADC12MEM14_H
0000073e   ADC12MEM15
0000073e   ADC12MEM15_L
0000073f   ADC12MEM15_H
00001900   boardMode
00001908   lcdBackLightLevelSetting
00001910   lcdContrastSetting
00001920   temperatureCalibrationC
00001928   temperatureConversion
00001940   lastAudioByteFlash
00001950   Acc_X_Calibrated_Offset
00001960   Acc_Y_Calibrated_Offset
00001970   Acc_Z_Calibrated_Offset
00001978   wakeUpOnAcc
00001c00   .bss
00001c00   LcdInitMacro
00001c00   __bss__
00001c6c   Read_Block_Address_Macro
00001c72   Draw_Block_Value_Macro
00001c78   Draw_Block_Address_Macro
00001c7e   LcdAddress
00001c80   LcdTableAddress
00001c82   contrast
00001c83   backlight
00001c84   LCD_MEM
00002b20   boardModeLOCAL
00002b22   Acc_X_Calibrated_OffsetLOCAL
00002b24   Acc_Y_Calibrated_OffsetLOCAL
00002b26   Acc_Z_Calibrated_OffsetLOCAL
00002b28   lcdBackLightLevelSettingLOCAL
00002b29   lcdContrastSettingLOCAL
00002b2a   temperatureConversionLOCAL
00002b2c   temperatureCalibrationCLOCAL
00002b30   wakeUpOnAccLOCAL
00002ba6   menuPos
00002ba7   settingMenuPos
00002ba8   timeOutCounter
00002ba9   CpuMode
00002baa   accWake
00002bab   buttonsPressed
00002bac   buttonDebounce
00002bae   TemperatureStr
00002bb6   VccStr
00002bbc   RTCAccHalfSec
00002bbd   RTCExit64Hz
00002bbe   RTCExitSec
00002bbf   RTCAccSec
00002bc0   hour1stBCD
00002bc1   hour2ndBCD
00002bc2   colon2
00002bc3   minute1stBCD
00002bc4   minute2ndBCD
00002bc5   colon1
00002bc6   second1stBCD
00002bc7   second2ndBCD
00002bc8   endofstring
00002bca   second
00002bcc   minute
00002bce   hour
00002bd0   secondOld
00002bd2   minuteOld
00002bd4   hourOld
00002bd6   ClockY
00002bd8   ClockX
00002bee   PlaybackPtr
00002bf2   lastAudioByte
00002cca   dummyCalculation
00002cce   wastingTime
00002cd2   wastingCycles
00002cd9   ActState
00002cda   halUsbReceiveBuffer
00002dda   bufferSize
00002ddc   SavedADC12MEM0
00002dde   SavedADC12MEM1
00002de0   SavedADC12MEM2
00002de2   Acc_x
00002de4   Acc_y
00002de6   Acc_z
00002de8   Acc_x_offset
00002dea   Acc_y_offset
00002dec   Acc_z_offset
00002dee   Vcc
00002df2   Temperature
00002df6   temperatureOffset
00002dfa   conversionType
00002dfb   adcMode
00002dfc   exit_active_from_ADC12
00002dfe   GameData
00002e08   _lock
00002e0c   _unlock
00002e10   _cleanup_ptr
00002e14   _dtors_ptr
00002e1c   rfConfig
00002e1e   __end__
00002e1e   end
00005b60   _stack
00005c00   __STACK_END
00005c00   __cinit__
00005c00   cinit
00005f28   Timer_A1_CCR0_ISR
00005fc2   RTC_ISR
00006026   TIMERB1_ISR
00006070   Port2_ISR
000060a8   ADC12_ISR
000060d2   _c_int00
000060d2   _c_int00_noexit
000060fc   USCI_A1_ISR
0000611c   WDT_ISR
00006136   DMA_ISR
00006160   setTemperatureConversion
000066ae   menuPMMMCLK
00006922   balanceBall
00006b24   configureAccelerometer
00006cfe   halAdcReadTempVcc
00006e88   setBackLight
00007004   UserExperience
00007174   setContrast
000072dc   setTime
0000743e   activeMenuMode
0000759c   audioRecord
000076e4   FSM_PushDown
00007700   SetRTCYEAR
00007720   SetRTCMON
0000775c   SetRTCDAY
0000777e   SetRTCDOW
0000779c   SetRTCHOUR
000077bc   SetRTCMIN
000077da   SetRTCSEC
000077fa   GetRTCTIM0
00007800   GetRTCTIM1
00007806   GetRTCDATE
0000780c   GetRTCYEAR
00007812   GetRTCMON
00007818   GetRTCDOW
0000781e   GetRTCDAY
00007824   GetRTCHOUR
0000782a   GetRTCMIN
00007830   GetRTCSEC
00007836   halLcdCircle
00007952   analogClockUpdate
00007a62   usbTest
00007b58   halLcdPrint
00007c4c   analogClockInit
00007d3c   halLcdLine
00007e22   loadSettings
00007efa   lowPowerMode3
00007fd2   audioPlayBack
0000809a   analogClockDrawHand
00008160   FSM_StartGame
00008218   halLcdPixel
000082cc   audio
0000836a   halAdcConvertTempVccFromADC
00008490   halLcdInit
00008684   menuUpdate
000086f4   halBoardInit
00008762   halLcdDrawCurrentBlock
000087ce   saveSettings
0000883a   halUsbInit
0000889e   halBoardSetSystemClock
000088fc   halLcdCursor
0000895a   updateDigitalClock
000089b8   __divul
000089b8   __remul
00008a10   displayAnalogClock
00008abc   UpdateField
00008b10   halAccelerometerInit
00008b64   halLcdImage
00008bb6   setupRTC
00008c02   StartPuzzle
00008c48   _auto_init
00008c8e   flashErase
00008cd4   halLcdSetBackLight
00008d60   halLcdClearImage
00008da2   halLcdSendCommand
00008de4   __divli
00008de4   __remli
00008e62   FSM_Button
00008e9c   FSM_Down
00008ed6   FSM_Left
00008f10   FSM_Right
00008f4a   FSM_Up
00008f84   FSM_Win
00009032   halAccelerometerRead
0000906a   halAdcStartRead
000090a2   rand
000090da   assert_board_version
0000910e   halLcdSetAddress
00009142   flashEraseBank
00009174   FSM_InitGame
000091a4   halAccelerometerCalibrate
000091d4   halBoardSetVCore
00009234   halBoardStartXT1
00009262   halLcdBackLightInit
000092be   flashEraseSegment
000092ea   halLcdHLine
00009316   halLcdVLine
00009342   halAdcInitTempVcc
00009392   halLcdPrintLineCol
000093b8   halLcdClearScreen
000093dc   halLcdPrintLine
00009400   halAccelerometerShutDown
00009422   halLcdSetContrast
00009444   halUsbShutDown
00009466   __mpyl_f5hw
00009488   halLcdPrintXY
000094a8   halLcdActive
000094c6   FSM_PushLeft
000094e2   FSM_PushRight
000094fe   FSM_PushUp
0000951a   FSM_StopGame
00009532   halLcdStandby
0000954a   __mpyi_f5hw
00009560   srand
00009576   TimerA1Init
0000958a   digitalClockDraw
0000959e   halAccelerometerGetCalibratedOffset
000095b2   halAccelerometerReadWithOffset
000095c6   halBoardStopOutputSystemClock
000095da   halButtonsInit
000095ec   memcpy
000095fe   TimerA1Stop
0000960e   startWDT
0000961e   halAccelerometerSetCalibratedOffset
0000962c   halBoardOutputSystemClock
0000963a   halButtonsInterruptEnable
00009648   halLcdCursorOff
00009656   halLcdDrawBlock
00009664   halAdcShutDownTempVcc
00009670   halUsbSendChar
0000967c   main
00009688   abs
00009692   halAdcSetTempOffset
0000969c   I_LSL
000096a6   FSM_Init
000096ac   halAdcGetTemp
000096b2   halAdcSetQuitFromISR
000096b8   halAdcSetTempConversionType
000096be   halButtonsInterruptDisable
000096c4   halLcdGetBackLight
000096ca   halLcdGetContrast
000096d0   _system_pre_init
000096d4   C$$EXIT
000096d4   abort
000096d8   _nop
000096da   TI_BUG
0000a272   fonts
0000ac60   StateTable
0000adec   IMG_RIGHT_FILLED
0000aeec   TI_TINY_BUG
0000afec   fonts_lookup
0000b076   cos
0000b0b6   myRfConfig
0000b0f6   GamePos
0000fffe   _reset_vector
ffffffff   .text
ffffffff   __binit__
ffffffff   __c_args__
ffffffff   __etext__
ffffffff   __pinit__
ffffffff   __text__
ffffffff   binit
ffffffff   etext
ffffffff   pinit

[937 symbols]
